-- test for RT-#37869
CREATE TABLE add_column (
    id serial primary key,
    data text
);
INSERT INTO add_column (data) SELECT generate_series(1,100,10);
ALTER TABLE add_column ADD COLUMN other varchar(100);
SELECT pg_xlog_wait_remote_apply(pg_current_xlog_location(), pid) FROM pg_stat_replication;
 pg_xlog_wait_remote_apply 
---------------------------
 
 
(2 rows)

\c postgres
SELECT id, data, other FROM add_column ORDER BY id;
 id | data | other 
----+------+-------
  1 | 1    | 
  2 | 11   | 
  3 | 21   | 
  4 | 31   | 
  5 | 41   | 
  6 | 51   | 
  7 | 61   | 
  8 | 71   | 
  9 | 81   | 
 10 | 91   | 
(10 rows)

UPDATE add_column SET other = 'foobar';
SELECT pg_xlog_wait_remote_apply(pg_current_xlog_location(), pid) FROM pg_stat_replication;
 pg_xlog_wait_remote_apply 
---------------------------
 
 
(2 rows)

\c regression
SELECT id, data, other FROM add_column ORDER BY id;
 id | data | other  
----+------+--------
  1 | 1    | foobar
  2 | 11   | foobar
  3 | 21   | foobar
  4 | 31   | foobar
  5 | 41   | foobar
  6 | 51   | foobar
  7 | 61   | foobar
  8 | 71   | foobar
  9 | 81   | foobar
 10 | 91   | foobar
(10 rows)

