Expected results not yet known, so dummy file here
