/* First test whether a table's replication set can be properly manipulated */
\c postgres
CREATE TABLE switcheroo(id serial primary key, data text);
-- show initial replication sets
SELECT * FROM bdr.table_get_replication_sets('switcheroo');
     sets      
---------------
 {default,all}
(1 row)

SELECT pg_xlog_wait_remote_apply(pg_current_xlog_location(), pid) FROM pg_stat_replication;
 pg_xlog_wait_remote_apply 
---------------------------
 
 
(2 rows)

\c regression
SELECT * FROM bdr.table_get_replication_sets('switcheroo');
     sets      
---------------
 {default,all}
(1 row)

\c postgres
-- empty replication set (just 'all')
SELECT bdr.table_set_replication_sets('switcheroo', '{}');
 table_set_replication_sets 
----------------------------
 
(1 row)

SELECT * FROM bdr.table_get_replication_sets('switcheroo');
 sets  
-------
 {all}
(1 row)

-- configure a couple
SELECT bdr.table_set_replication_sets('switcheroo', '{fascinating, is-it-not}');
 table_set_replication_sets 
----------------------------
 
(1 row)

SELECT * FROM bdr.table_get_replication_sets('switcheroo');
            sets             
-----------------------------
 {fascinating,is-it-not,all}
(1 row)

SELECT pg_xlog_wait_remote_apply(pg_current_xlog_location(), pid) FROM pg_stat_replication;
 pg_xlog_wait_remote_apply 
---------------------------
 
 
(2 rows)

\c regression
SELECT * FROM bdr.table_get_replication_sets('switcheroo');
            sets             
-----------------------------
 {fascinating,is-it-not,all}
(1 row)

\c postgres
-- make sure we can reset replication sets to the default again
-- configure a couple
SELECT bdr.table_set_replication_sets('switcheroo', NULL);
 table_set_replication_sets 
----------------------------
 
(1 row)

SELECT * FROM bdr.table_get_replication_sets('switcheroo');
     sets      
---------------
 {default,all}
(1 row)

SELECT pg_xlog_wait_remote_apply(pg_current_xlog_location(), pid) FROM pg_stat_replication;
 pg_xlog_wait_remote_apply 
---------------------------
 
 
(2 rows)

\c regression
SELECT * FROM bdr.table_get_replication_sets('switcheroo');
     sets      
---------------
 {default,all}
(1 row)

\c postgres
-- make sure reserved names can't be set
SELECT bdr.table_set_replication_sets('switcheroo', '{default,blubber}');
ERROR:  replication set name "default" is reserved
CONTEXT:  SQL statement "SECURITY LABEL FOR bdr ON TABLE switcheroo IS '{ "sets" : ["default","blubber"] }'"
PL/pgSQL function bdr.table_set_replication_sets(regclass,text[]) line 30 at EXECUTE statement
SELECT bdr.table_set_replication_sets('switcheroo', '{blubber,default}');
ERROR:  replication set name "default" is reserved
CONTEXT:  SQL statement "SECURITY LABEL FOR bdr ON TABLE switcheroo IS '{ "sets" : ["blubber","default"] }'"
PL/pgSQL function bdr.table_set_replication_sets(regclass,text[]) line 30 at EXECUTE statement
SELECT bdr.table_set_replication_sets('switcheroo', '{frakbar,all}');
ERROR:  replication set name "all" is reserved
CONTEXT:  SQL statement "SECURITY LABEL FOR bdr ON TABLE switcheroo IS '{ "sets" : ["frakbar","all"] }'"
PL/pgSQL function bdr.table_set_replication_sets(regclass,text[]) line 30 at EXECUTE statement
--invalid characters
SELECT bdr.table_set_replication_sets('switcheroo', '{///}');
ERROR:  replication set name "///" contains invalid character
HINT:  Replication set names may only contain letters, numbers, and the underscore character.
CONTEXT:  SQL statement "SECURITY LABEL FOR bdr ON TABLE switcheroo IS '{ "sets" : ["///"] }'"
PL/pgSQL function bdr.table_set_replication_sets(regclass,text[]) line 30 at EXECUTE statement
--too short/long
SELECT bdr.table_set_replication_sets('switcheroo', '{""}');
ERROR:  replication set name "" is too short
CONTEXT:  SQL statement "SECURITY LABEL FOR bdr ON TABLE switcheroo IS '{ "sets" : [""] }'"
PL/pgSQL function bdr.table_set_replication_sets(regclass,text[]) line 30 at EXECUTE statement
SELECT bdr.table_set_replication_sets('switcheroo', '{12345678901234567890123456789012345678901234567890123456789012345678901234567890}');
ERROR:  replication set name "12345678901234567890123456789012345678901234567890123456789012345678901234567890" is too long
CONTEXT:  SQL statement "SECURITY LABEL FOR bdr ON TABLE switcheroo IS '{ "sets" : ["12345678901234567890123456789012345678901234567890123456789012345678901234567890"] }'"
PL/pgSQL function bdr.table_set_replication_sets(regclass,text[]) line 30 at EXECUTE statement
\c postgres
DROP TABLE switcheroo;
SELECT pg_xlog_wait_remote_apply(pg_current_xlog_location(), pid) FROM pg_stat_replication;
 pg_xlog_wait_remote_apply 
---------------------------
 
 
(2 rows)

/*
 * Now test whether sets properly control the replication of data.
 *
 * node1: dbname regression, sets: default, important, for-node-1
 * node2: dbname postgres, sets: default, important, for-node-2
 */
\c regression
CREATE TABLE settest_1(data text primary key);
INSERT INTO settest_1(data) VALUES ('should-replicate-via-default');
SELECT bdr.table_set_replication_sets('settest_1', '{}');
 table_set_replication_sets 
----------------------------
 
(1 row)

INSERT INTO settest_1(data) VALUES ('should-no-replicate-no-sets');
SELECT bdr.table_set_replication_sets('settest_1', '{unknown-set}');
 table_set_replication_sets 
----------------------------
 
(1 row)

INSERT INTO settest_1(data) VALUES ('should-no-replicate-unknown-set');
SELECT bdr.table_set_replication_sets('settest_1', '{for-node-2}');
 table_set_replication_sets 
----------------------------
 
(1 row)

INSERT INTO settest_1(data) VALUES ('should-replicate-via-for-node-2');
SELECT bdr.table_set_replication_sets('settest_1', '{}');
 table_set_replication_sets 
----------------------------
 
(1 row)

INSERT INTO settest_1(data) VALUES ('should-not-replicate-empty-again');
SELECT bdr.table_set_replication_sets('settest_1', '{unknown-set,for-node-2}');
 table_set_replication_sets 
----------------------------
 
(1 row)

INSERT INTO settest_1(data) VALUES ('should-replicate-via-for-node-2-even-though-unknown');
SELECT bdr.table_set_replication_sets('settest_1', '{unknown-set,important,for-node-2}');
 table_set_replication_sets 
----------------------------
 
(1 row)

INSERT INTO settest_1(data) VALUES ('should-replicate-via-for-node-2-and-important');
SELECT * FROM settest_1 ORDER BY data;
                        data                         
-----------------------------------------------------
 should-no-replicate-no-sets
 should-no-replicate-unknown-set
 should-not-replicate-empty-again
 should-replicate-via-default
 should-replicate-via-for-node-2
 should-replicate-via-for-node-2-and-important
 should-replicate-via-for-node-2-even-though-unknown
(7 rows)

SELECT pg_xlog_wait_remote_apply(pg_current_xlog_location(), pid) FROM pg_stat_replication;
 pg_xlog_wait_remote_apply 
---------------------------
 
 
(2 rows)

\c postgres
SELECT * FROM settest_1 ORDER BY data;
                        data                         
-----------------------------------------------------
 should-replicate-via-default
 should-replicate-via-for-node-2
 should-replicate-via-for-node-2-and-important
 should-replicate-via-for-node-2-even-though-unknown
(4 rows)

